// Vitest Snapshot v1, https://vitest.dev/guide/snapshot.html

exports[`suite name > snapshot 1`] = `
{
  "foo": "bar",
}
`;

exports[`suite name > snapshot 2`] = `
{
  "foo": "bar",
}
`;

exports[`suite name > snapshot 3`] = `
{
  "foo": "bar",
}
`;

exports[`suite name > snapshot 4`] = `
{
  "foo": "bar",
}
`;

exports[`suite name > snapshot 5`] = `
{
  "foo": "bar",
}
`;

exports[`suite name > snapshot 6`] = `
{
  "foo": "bar",
}
`;

exports[`suite name > snapshot 7`] = `
{
  "foo": "bar",
}
`;

exports[`suite name > snapshot 8`] = `
{
  "foo": "bar",
}
`;

exports[`suite name > snapshot 9`] = `
{
  "foo": "bar",
}
`;

exports[`suite name > snapshot 10`] = `
{
  "foo": "bar",
}
`;

exports[`suite name > snapshot 11`] = `
{
  "foo": "bar",
}
`;

exports[`suite name > snapshot 12`] = `
{
  "foo": "bar",
}
`;
